# MySQL 的第5课

## 项目名称： 有趣的电影（难度： easy）

项目五：有趣的电影 （难度：简单）
某城市开了一家新的电影院，吸引了很多人过来看电影。该电影院特别注意用户体验，专门有个 LED显示板做电影推荐，上面公布着影评和相关电影描述。
作为该电影院的信息部主管，您需要编写一个 SQL查询，找出所有影片描述为非 boring (不无聊) 的并且 id 为奇数 的影片，结果请按等级 rating 排列。


例如，下表 cinema:

+---------+-----------+--------------+-----------+
|   id    | movie     |  description |  rating   |
+---------+-----------+--------------+-----------+
|   1     | War       |   great 3D   |   8.9     |
|   2     | Science   |   fiction    |   8.5     |
|   3     | irish     |   boring     |   6.2     |
|   4     | Ice song  |   Fantacy    |   8.6     |
|   5     | House card|   Interesting|   9.1     |
+---------+-----------+--------------+-----------+

对于上面的例子，则正确的输出是为：
+---------+-----------+--------------+-----------+
|   id    | movie     |  description |  rating   |
+---------+-----------+--------------+-----------+
|   5     | House card|   Interesting|   9.1     |
|   1     | War       |   great 3D   |   8.9     |
+---------+-----------+--------------+-----------+


## 1. 创建表
## 2. 添加数据
## 3. 根据条件，分析方法
> 注意哦，附加条件是：只能写一个Update语句，请不要编写任何 Select 语句

### 进入数据库
(py36_pytorch) bruce@zhengdz-PowerEdge-T310:~/Downloads/git/dataWhaleWithBruce/mysql/Task2$ mysql -u root -p
Enter password: 
Welcome to the MySQL monitor.  Commands end with ; or \g.
Your MySQL connection id is 26
Server version: 5.7.27-0ubuntu0.16.04.1 (Ubuntu)

Copyright (c) 2000, 2019, Oracle and/or its affiliates. All rights reserved.

Oracle is a registered trademark of Oracle Corporation and/or its
affiliates. Other names may be trademarks of their respective
owners.

Type 'help;' or '\h' for help. Type '\c' to clear the current input statement.

### 显示数据库
mysql> show databases
    -> ;
+--------------------+
| Database           |
+--------------------+
| information_schema |
| TASK1              |
| mysql              |
| performance_schema |
| sys                |
| world_demo         |
+--------------------+
6 rows in set (0.00 sec)

### 选定数据库
mysql> use TASK1
Reading table information for completion of table and column names
You can turn off this feature to get a quicker startup with -A

Database changed

### 创建表
mysql> create table cinema(
    -> id int not null,
    -> movie varchar(100) not null,
    -> description varchar(100) not null,
    -> rating int not null);
Query OK, 0 rows affected (0.27 sec)


### 插入数据
mysql> insert into cinema values(1, 'War', 'great 3D', 8.9),
    -> (2, 'Science', 'fiction', 8.5),
    -> (3, 'irish','boring', 6.2),
    -> (4, 'Ice song', 'Fantacy', 8.6),
    -> (5, 'House card', 'Interesting', 9.1);
Query OK, 5 rows affected (0.06 sec)
Records: 5  Duplicates: 0  Warnings: 0

### 显示数据
mysql> select * from cinema;
+----+------------+-------------+--------+
| id | movie      | description | rating |
+----+------------+-------------+--------+
|  1 | War        | great 3D    |      9 |
|  2 | Science    | fiction     |      9 |
|  3 | irish      | boring      |      6 |
|  4 | Ice song   | Fantacy     |      9 |
|  5 | House card | Interesting |      9 |
+----+------------+-------------+--------+
5 rows in set (0.00 sec)

### 漏了select命令
mysql> description, id from cinema where cinema.description != "boring" and id % 2 = 1 order by rating desc;
ERROR 1064 (42000): You have an error in your SQL syntax; check the manual that corresponds to your MySQL server version for the right syntax to use near 'description, id from cinema where cinema.description != "boring" and id % 2 = 1 ' at line 1

### 完成select命令
mysql> select description, id from cinema where cinema.description != "boring" and id % 2 = 1 order by rating desc;
+-------------+----+
| description | id |
+-------------+----+
| great 3D    |  1 |
| Interesting |  5 |
+-------------+----+
2 rows in set (0.06 sec)

### 总结： selece 的应用。。


